// Jest Snapshot v1, https://goo.gl/fbAQLP

exports[`Pruebas en <GifItem /> Debe hacer match con Snapshot 1`] = `
<div>
  <div
    class="card"
  >
    <img
      alt="Saitama"
      src="https://estoesunaprueba.com/"
    />
    <p>
      Saitama
    </p>
  </div>
</div>
`;
